success
success
success
success
success
success
success
success
success
success
success
success
played 3 Dancing Queen;Abba
played 5 We Will Rock You;Queen
played 6 We Will Rock You;Queen2
